// Jest Snapshot v1, https://goo.gl/fbAQLP

exports[`<TabBarIcon /> render 1`] = `<Text />`;
