// Jest Snapshot v1, https://goo.gl/fbAQLP

exports[`<index/> render 1`] = `
<index
  navigation={Object {}}
/>
`;
