// Jest Snapshot v1, https://goo.gl/fbAQLP

exports[`<PageFooter/> render 1`] = `
<View
  style={
    Array [
      Object {
        "backgroundColor": "#F8F8F8",
        "borderColor": "#cbcbcb",
        "borderTopWidth": 0.5,
        "elevation": 3,
        "flexDirection": "row",
        "height": 55,
        "justifyContent": "center",
        "left": 0,
        "paddingBottom": 0,
        "right": 0,
      },
      Object {
        "backgroundColor": "transparent",
        "borderTopWidth": 0,
      },
    ]
  }
>
  <View
    style={
      Array [
        Object {
          "alignSelf": "stretch",
          "backgroundColor": undefined,
          "flex": 1,
          "flexDirection": "row",
          "justifyContent": "space-between",
        },
        Object {
          "backgroundColor": "transparent",
        },
      ]
    }
  >
    <View
      accessible={true}
      isTVSelectable={true}
      onResponderGrant={[Function]}
      onResponderMove={[Function]}
      onResponderRelease={[Function]}
      onResponderTerminate={[Function]}
      onResponderTerminationRequest={[Function]}
      onStartShouldSetResponder={[Function]}
      style={
        Object {
          "alignItems": "center",
          "alignSelf": "center",
          "backgroundColor": "transparent",
          "borderBottomWidth": 1,
          "borderColor": "#5C6BC0",
          "borderLeftWidth": 1,
          "borderRadius": 5,
          "borderRightWidth": 1,
          "borderTopWidth": 1,
          "borderWidth": 1,
          "elevation": null,
          "flex": 1,
          "flexDirection": null,
          "height": 40,
          "justifyContent": "center",
          "marginLeft": 30,
          "marginRight": 30,
          "opacity": 1,
          "paddingBottom": 6,
          "paddingTop": 6,
          "shadowColor": null,
          "shadowOffset": null,
          "shadowOpacity": null,
          "shadowRadius": null,
        }
      }
    >
      <Text
        style={
          Array [
            Object {
              "backgroundColor": "transparent",
              "color": "#007aff",
              "fontFamily": "System",
              "fontSize": 14,
              "lineHeight": 16,
              "marginLeft": 0,
              "marginRight": 0,
              "paddingLeft": 16,
              "paddingRight": 16,
            },
            Object {
              "color": "#5C6BC0",
              "fontSize": 15,
            },
          ]
        }
        uppercase={false}
      >
        Add
      </Text>
    </View>
  </View>
</View>
`;
