// Jest Snapshot v1, https://goo.gl/fbAQLP

exports[`<App /> render 1`] = `"{\\"type\\":{},\\"key\\":null,\\"ref\\":null,\\"props\\":{},\\"_owner\\":null,\\"_store\\":{}}"`;
